$family
[1] "Hiragino Sans"

$font
         family                                            path index
1 Hiragino Sans /System/Library/Fonts/ヒラギノ角ゴシック W3.ttc     0

$systemfonts
[1] "1.3.2"

L05 peak: 0.7692308 normalized revenue: 0.4954616 
       shock          x         pi          r
1   monetary  0.9046036  0.4346228 -0.5653772
2 technology -0.2162876 -0.2522980 -0.1766086
3 government  0.1438312  0.1677782  0.1174447
       shock max_closed_form_error max_equation_residual
1   monetary          0.000000e+00          3.621002e-18
2 technology          5.551115e-17          4.688235e-18
3 government          5.551115e-17          1.387779e-17
Clean sequential direct R checks passed.
R version 4.6.1 (2026-06-24)
Platform: aarch64-apple-darwin23
Running under: macOS Tahoe 26.6.2

Matrix products: default
BLAS:   /Library/Frameworks/R.framework/Versions/4.6/Resources/lib/libRblas.0.dylib 
LAPACK: /Library/Frameworks/R.framework/Versions/4.6/Resources/lib/libRlapack.dylib;  LAPACK version 3.12.1

locale:
[1] C.UTF-8/C.UTF-8/C.UTF-8/C/C.UTF-8/C.UTF-8

time zone: Asia/Tokyo
tzcode source: internal

attached base packages:
[1] stats     graphics  grDevices utils     datasets  methods   base     

loaded via a namespace (and not attached):
 [1] compiler_4.6.1    cli_3.6.6         tools_4.6.1       otel_0.2.0       
 [5] yaml_2.3.12       knitr_1.51        xfun_0.60         lifecycle_1.0.5  
 [9] rlang_1.3.0       systemfonts_1.3.2 evaluate_1.0.5   
