$family
[1] "Hiragino Sans"

$font
         family                                            path index
1 Hiragino Sans /System/Library/Fonts/ヒラギノ角ゴシック W3.ttc     0

$systemfonts
[1] "1.3.2"

null device 
          1 

MAX_LINEAR_RESIDUAL  5.551115e-16 
R version 4.6.1 (2026-06-24)
Platform: aarch64-apple-darwin23
Running under: macOS Tahoe 26.6.2

Matrix products: default
BLAS:   /Library/Frameworks/R.framework/Versions/4.6/Resources/lib/libRblas.0.dylib 
LAPACK: /Library/Frameworks/R.framework/Versions/4.6/Resources/lib/libRlapack.dylib;  LAPACK version 3.12.1

locale:
[1] C.UTF-8/C.UTF-8/C.UTF-8/C/C.UTF-8/C.UTF-8

time zone: Asia/Tokyo
tzcode source: internal

attached base packages:
[1] stats     graphics  grDevices utils     datasets  methods   base     

loaded via a namespace (and not attached):
 [1] compiler_4.6.1    cli_3.6.6         tools_4.6.1       otel_0.2.0       
 [5] knitr_1.51        xfun_0.60         lifecycle_1.0.5   rlang_1.3.0      
 [9] systemfonts_1.3.2 evaluate_1.0.5   
