


processing file: lecture09.qmd
1/3                                        
2/3 [fig-lecture09-discretion-timeless-irf]
3/3                                        
output file: lecture09.knit.md

There were 40 warnings (use warnings() to see them)
pandoc 
  to: latex
  output-file: lecture09.tex
  standalone: true
  pdf-engine: lualatex
  variables:
    graphics: true
    tables: true
  default-image-extension: pdf
  toc: true
  number-sections: true
  
metadata
  block-headings: true
  title: 第9回：最適金融政策と政策ルール
  subtitle: マクロ経済学B
  author: 宮﨑憲治
  date: '2026-04-01'
  date-format: YYYY年度
  lang: ja
  documentclass: ltjsarticle
  classoption:
    - a4paper
    - 12pt
    - ja=standard
    - lualatex
  latex-auto-install: false
  

Rendering PDF
running lualatex - 1
  This is LuaHBTeX, Version 1.22.0 (TeX Live 2025) 
   restricted system commands enabled.
  
running lualatex - 2
  This is LuaHBTeX, Version 1.22.0 (TeX Live 2025) 
   restricted system commands enabled.
  
running lualatex - 3
  This is LuaHBTeX, Version 1.22.0 (TeX Live 2025) 
   restricted system commands enabled.
  

Output created: lecture09.pdf

